[INFO] System boot sequence started at 1735689600
[WARN] Module 'sensor_a' initialization delay.
[DEBUG] timestamp: 1770994800 is set for Valentine event trigger.
[ERROR] Process 112 crashed at 1798124400.543 (Christmas 2026)
This line has no timestamp and should remain unchanged.
Check point A reached: 1783350000 (Tanabata)
[CRITICAL] System overload detected! current_time=1740000000
